\BOOKMARK [0][-]{chapter*.6}{\376\377\000L\000i\000s\000t\000e\000\040\000d\000e\000s\000\040\000f\000i\000g\000u\000r\000e\000s}{}% 1
\BOOKMARK [0][-]{chapter*.6}{\376\377\000L\000i\000s\000t\000e\000\040\000d\000e\000s\000\040\000t\000a\000b\000l\000e\000a\000u\000x}{}% 2
\BOOKMARK [0][-]{chapter*.8}{\376\377\000L\000i\000s\000t\000e\000\040\000d\000e\000s\000\040\000s\000i\000g\000l\000e\000s\000\040\000e\000t\000\040\000a\000c\000r\000o\000n\000y\000m\000e\000s}{}% 3
\BOOKMARK [0][-]{chapter*.10}{\376\377\000I\000n\000t\000r\000o\000d\000u\000c\000t\000i\000o\000n\000\040\000G\000\351\000n\000\351\000r\000a\000l\000e}{}% 4
\BOOKMARK [0][-]{chapter.1}{\376\377\0001\000\040\000C\000a\000d\000r\000e\000\040\000g\000\351\000n\000\351\000r\000a\000l\000\040\000d\000u\000\040\000p\000r\000o\000j\000e\000t}{}% 5
\BOOKMARK [1][-]{section.1.1}{\376\377\0001\000.\0001\000\040\000I\000n\000t\000r\000o\000d\000u\000c\000t\000i\000o\000n}{chapter.1}% 6
\BOOKMARK [1][-]{section.1.2}{\376\377\0001\000.\0002\000\040\000P\000r\000\351\000s\000e\000n\000t\000a\000t\000i\000o\000n\000\040\000d\000e\000\040\000l\000'\000o\000r\000g\000a\000n\000i\000s\000m\000e\000\040\000d\000'\000a\000c\000c\000u\000e\000i\000l}{chapter.1}% 7
\BOOKMARK [1][-]{section.1.3}{\376\377\0001\000.\0003\000\040\000\311\000t\000u\000d\000e\000\040\000d\000e\000\040\000l\000'\000e\000x\000i\000s\000t\000a\000n\000t}{chapter.1}% 8
\BOOKMARK [2][-]{subsection.1.3.1}{\376\377\0001\000.\0003\000.\0001\000\040\000D\000e\000s\000c\000r\000i\000p\000t\000i\000o\000n\000\040\000d\000u\000\040\000s\000y\000s\000t\000\350\000m\000e\000\040\000a\000c\000t\000u\000e\000l}{section.1.3}% 9
\BOOKMARK [2][-]{subsection.1.3.2}{\376\377\0001\000.\0003\000.\0002\000\040\000C\000r\000i\000t\000i\000q\000u\000e\000\040\000d\000e\000\040\000l\000'\000e\000x\000i\000s\000t\000a\000n\000t}{section.1.3}% 10
\BOOKMARK [2][-]{subsection.1.3.3}{\376\377\0001\000.\0003\000.\0003\000\040\000\311\000t\000u\000d\000e\000\040\000c\000o\000m\000p\000a\000r\000a\000t\000i\000v\000e\000\040\000d\000e\000s\000\040\000s\000o\000l\000u\000t\000i\000o\000n\000s\000\040\000d\000u\000\040\000m\000a\000r\000c\000h\000\351}{section.1.3}% 11
\BOOKMARK [1][-]{section.1.4}{\376\377\0001\000.\0004\000\040\000P\000r\000o\000b\000l\000\351\000m\000a\000t\000i\000q\000u\000e}{chapter.1}% 12
\BOOKMARK [1][-]{section.1.5}{\376\377\0001\000.\0005\000\040\000S\000o\000l\000u\000t\000i\000o\000n\000\040\000p\000r\000o\000p\000o\000s\000\351\000e\000\040\000:\000\040\000l\000a\000\040\000p\000l\000a\000t\000e\000f\000o\000r\000m\000e\000\040\000S\000y\000n\000a\000p\000s\000e}{chapter.1}% 13
\BOOKMARK [2][-]{subsection.1.5.1}{\376\377\0001\000.\0005\000.\0001\000\040\000V\000i\000s\000i\000o\000n\000\040\000g\000\351\000n\000\351\000r\000a\000l\000e}{section.1.5}% 14
\BOOKMARK [2][-]{subsection.1.5.2}{\376\377\0001\000.\0005\000.\0002\000\040\000P\000\351\000r\000i\000m\000\350\000t\000r\000e\000\040\000f\000o\000n\000c\000t\000i\000o\000n\000n\000e\000l}{section.1.5}% 15
\BOOKMARK [1][-]{section.1.6}{\376\377\0001\000.\0006\000\040\000M\000\351\000t\000h\000o\000d\000o\000l\000o\000g\000i\000e\000\040\000d\000e\000\040\000g\000e\000s\000t\000i\000o\000n\000\040\000d\000e\000\040\000p\000r\000o\000j\000e\000t}{chapter.1}% 16
\BOOKMARK [2][-]{subsection.1.6.1}{\376\377\0001\000.\0006\000.\0001\000\040\000L\000'\000a\000p\000p\000r\000o\000c\000h\000e\000\040\000A\000g\000i\000l\000e}{section.1.6}% 17
\BOOKMARK [2][-]{subsection.1.6.2}{\376\377\0001\000.\0006\000.\0002\000\040\000L\000e\000\040\000c\000a\000d\000r\000e\000\040\000S\000c\000r\000u\000m}{section.1.6}% 18
\BOOKMARK [1][-]{section.1.7}{\376\377\0001\000.\0007\000\040\000C\000o\000n\000c\000l\000u\000s\000i\000o\000n}{chapter.1}% 19
\BOOKMARK [0][-]{chapter.2}{\376\377\0002\000\040\000A\000n\000a\000l\000y\000s\000e\000,\000\040\000C\000o\000n\000c\000e\000p\000t\000i\000o\000n\000\040\000e\000t\000\040\000C\000h\000o\000i\000x\000\040\000T\000e\000c\000h\000n\000o\000l\000o\000g\000i\000q\000u\000e\000s}{}% 20
\BOOKMARK [1][-]{section.2.1}{\376\377\0002\000.\0001\000\040\000I\000n\000t\000r\000o\000d\000u\000c\000t\000i\000o\000n}{chapter.2}% 21
\BOOKMARK [1][-]{section.2.2}{\376\377\0002\000.\0002\000\040\000S\000p\000\351\000c\000i\000f\000i\000c\000a\000t\000i\000o\000n\000\040\000d\000e\000s\000\040\000b\000e\000s\000o\000i\000n\000s}{chapter.2}% 22
\BOOKMARK [2][-]{subsection.2.2.1}{\376\377\0002\000.\0002\000.\0001\000\040\000B\000e\000s\000o\000i\000n\000s\000\040\000f\000o\000n\000c\000t\000i\000o\000n\000n\000e\000l\000s}{section.2.2}% 23
\BOOKMARK [2][-]{subsection.2.2.2}{\376\377\0002\000.\0002\000.\0002\000\040\000P\000r\000o\000d\000u\000c\000t\000\040\000B\000a\000c\000k\000l\000o\000g}{section.2.2}% 24
\BOOKMARK [2][-]{subsection.2.2.3}{\376\377\0002\000.\0002\000.\0003\000\040\000B\000e\000s\000o\000i\000n\000s\000\040\000n\000o\000n\000\040\000f\000o\000n\000c\000t\000i\000o\000n\000n\000e\000l\000s}{section.2.2}% 25
\BOOKMARK [1][-]{section.2.3}{\376\377\0002\000.\0003\000\040\000I\000d\000e\000n\000t\000i\000f\000i\000c\000a\000t\000i\000o\000n\000\040\000d\000e\000s\000\040\000a\000c\000t\000e\000u\000r\000s}{chapter.2}% 26
\BOOKMARK [1][-]{section.2.4}{\376\377\0002\000.\0004\000\040\000D\000i\000a\000g\000r\000a\000m\000m\000e\000s\000\040\000d\000e\000\040\000c\000a\000s\000\040\000d\040\031\000u\000t\000i\000l\000i\000s\000a\000t\000i\000o\000n}{chapter.2}% 27
\BOOKMARK [2][-]{subsection.2.4.1}{\376\377\0002\000.\0004\000.\0001\000\040\000D\000i\000a\000g\000r\000a\000m\000m\000e\000\040\000g\000l\000o\000b\000a\000l}{section.2.4}% 28
\BOOKMARK [2][-]{subsection.2.4.2}{\376\377\0002\000.\0004\000.\0002\000\040\000C\000a\000s\000\040\000d\040\031\000u\000t\000i\000l\000i\000s\000a\000t\000i\000o\000n\000\040\000:\000\040\000G\000e\000s\000t\000i\000o\000n\000\040\000d\000e\000s\000\040\000d\000e\000m\000a\000n\000d\000e\000s\000\040\000R\000H}{section.2.4}% 29
\BOOKMARK [2][-]{subsection.2.4.3}{\376\377\0002\000.\0004\000.\0003\000\040\000C\000a\000s\000\040\000d\040\031\000u\000t\000i\000l\000i\000s\000a\000t\000i\000o\000n\000\040\000:\000\040\000G\000e\000s\000t\000i\000o\000n\000\040\000d\000e\000s\000\040\000e\000m\000p\000l\000o\000y\000\351\000s}{section.2.4}% 30
\BOOKMARK [2][-]{subsection.2.4.4}{\376\377\0002\000.\0004\000.\0004\000\040\000C\000a\000s\000\040\000d\040\031\000u\000t\000i\000l\000i\000s\000a\000t\000i\000o\000n\000\040\000:\000\040\000G\000e\000s\000t\000i\000o\000n\000\040\000d\000e\000s\000\040\000p\000r\000o\000j\000e\000t\000s\000\040\000e\000t\000\040\000t\000\342\000c\000h\000e\000s}{section.2.4}% 31
\BOOKMARK [1][-]{section.2.5}{\376\377\0002\000.\0005\000\040\000A\000r\000c\000h\000i\000t\000e\000c\000t\000u\000r\000e\000\040\000g\000\351\000n\000\351\000r\000a\000l\000e\000\040\000d\000e\000\040\000S\000y\000n\000a\000p\000s\000e}{chapter.2}% 32
\BOOKMARK [1][-]{section.2.6}{\376\377\0002\000.\0006\000\040\000M\000o\000d\000\351\000l\000i\000s\000a\000t\000i\000o\000n\000\040\000d\000e\000s\000\040\000d\000o\000n\000n\000\351\000e\000s}{chapter.2}% 33
\BOOKMARK [2][-]{subsection.2.6.1}{\376\377\0002\000.\0006\000.\0001\000\040\000D\000i\000a\000g\000r\000a\000m\000m\000e\000\040\000d\000e\000\040\000c\000l\000a\000s\000s\000e\000s\000\040\000p\000r\000i\000n\000c\000i\000p\000a\000l}{section.2.6}% 34
\BOOKMARK [2][-]{subsection.2.6.2}{\376\377\0002\000.\0006\000.\0002\000\040\000S\000c\000h\000\351\000m\000a\000\040\000d\000e\000\040\000b\000a\000s\000e\000\040\000d\000e\000\040\000d\000o\000n\000n\000\351\000e\000s\000\040\000\050\000e\000x\000t\000r\000a\000i\000t\000\051}{section.2.6}% 35
\BOOKMARK [1][-]{section.2.7}{\376\377\0002\000.\0007\000\040\000E\000n\000v\000i\000r\000o\000n\000n\000e\000m\000e\000n\000t\000\040\000d\000e\000\040\000d\000\351\000v\000e\000l\000o\000p\000p\000e\000m\000e\000n\000t}{chapter.2}% 36
\BOOKMARK [2][-]{subsection.2.7.1}{\376\377\0002\000.\0007\000.\0001\000\040\000E\000n\000v\000i\000r\000o\000n\000n\000e\000m\000e\000n\000t\000\040\000m\000a\000t\000\351\000r\000i\000e\000l}{section.2.7}% 37
\BOOKMARK [2][-]{subsection.2.7.2}{\376\377\0002\000.\0007\000.\0002\000\040\000L\000o\000g\000i\000c\000i\000e\000l\000s\000\040\000e\000t\000\040\000e\000n\000v\000i\000r\000o\000n\000n\000e\000m\000e\000n\000t\000s\000\040\000d\000e\000\040\000d\000\351\000v\000e\000l\000o\000p\000p\000e\000m\000e\000n\000t}{section.2.7}% 38
\BOOKMARK [1][-]{section.2.8}{\376\377\0002\000.\0008\000\040\000P\000l\000a\000n\000i\000f\000i\000c\000a\000t\000i\000o\000n\000\040\000d\000u\000\040\000p\000r\000o\000j\000e\000t}{chapter.2}% 39
\BOOKMARK [2][-]{subsection.2.8.1}{\376\377\0002\000.\0008\000.\0001\000\040\000\311\000q\000u\000i\000p\000e\000\040\000S\000c\000r\000u\000m\000\040\000e\000t\000\040\000r\000\364\000l\000e\000s}{section.2.8}% 40
\BOOKMARK [2][-]{subsection.2.8.2}{\376\377\0002\000.\0008\000.\0002\000\040\000P\000l\000a\000n\000i\000f\000i\000c\000a\000t\000i\000o\000n\000\040\000d\000e\000s\000\040\000s\000p\000r\000i\000n\000t\000s}{section.2.8}% 41
\BOOKMARK [1][-]{section.2.9}{\376\377\0002\000.\0009\000\040\000\311\000t\000u\000d\000e\000\040\000e\000t\000\040\000j\000u\000s\000t\000i\000f\000i\000c\000a\000t\000i\000o\000n\000\040\000d\000e\000s\000\040\000c\000h\000o\000i\000x\000\040\000t\000e\000c\000h\000n\000o\000l\000o\000g\000i\000q\000u\000e\000s}{chapter.2}% 42
\BOOKMARK [2][-]{subsection.2.9.1}{\376\377\0002\000.\0009\000.\0001\000\040\000A\000r\000c\000h\000i\000t\000e\000c\000t\000u\000r\000e\000\040\000a\000p\000p\000l\000i\000c\000a\000t\000i\000v\000e\000\040\000:\000\040\000m\000i\000c\000r\000o\000s\000e\000r\000v\000i\000c\000e\000s\000\040\000v\000s\000\040\000m\000o\000n\000o\000l\000i\000t\000h\000i\000q\000u\000e}{section.2.9}% 43
\BOOKMARK [2][-]{subsection.2.9.2}{\376\377\0002\000.\0009\000.\0002\000\040\000F\000r\000a\000m\000e\000w\000o\000r\000k\000\040\000f\000r\000o\000n\000t\000e\000n\000d\000\040\000:\000\040\000A\000n\000g\000u\000l\000a\000r\000\040\0002\0001}{section.2.9}% 44
\BOOKMARK [2][-]{subsection.2.9.3}{\376\377\0002\000.\0009\000.\0003\000\040\000F\000r\000a\000m\000e\000w\000o\000r\000k\000\040\000b\000a\000c\000k\000e\000n\000d\000\040\000:\000\040\000S\000p\000r\000i\000n\000g\000\040\000B\000o\000o\000t\000\040\0003\000.\0005}{section.2.9}% 45
\BOOKMARK [2][-]{subsection.2.9.4}{\376\377\0002\000.\0009\000.\0004\000\040\000B\000a\000s\000e\000\040\000d\000e\000\040\000d\000o\000n\000n\000\351\000e\000s\000\040\000r\000e\000l\000a\000t\000i\000o\000n\000n\000e\000l\000l\000e\000\040\000t\000r\000a\000n\000s\000a\000c\000t\000i\000o\000n\000n\000e\000l\000l\000e\000\040\000:\000\040\000O\000r\000a\000c\000l\000e\000\040\0002\0003\000a\000i}{section.2.9}% 46
\BOOKMARK [2][-]{subsection.2.9.5}{\376\377\0002\000.\0009\000.\0005\000\040\000S\000e\000r\000v\000e\000u\000r\000\040\000d\000'\000i\000d\000e\000n\000t\000i\000t\000\351\000\040\000c\000e\000n\000t\000r\000a\000l\000i\000s\000\351\000\040\000:\000\040\000K\000e\000y\000c\000l\000o\000a\000k\000\040\0002\0006}{section.2.9}% 47
\BOOKMARK [2][-]{subsection.2.9.6}{\376\377\0002\000.\0009\000.\0006\000\040\000S\000y\000s\000t\000\350\000m\000e\000\040\000d\000e\000\040\000m\000e\000s\000s\000a\000g\000e\000r\000i\000e\000\040\000a\000s\000y\000n\000c\000h\000r\000o\000n\000e\000\040\000p\000u\000b\000l\000i\000s\000h\000/\000s\000u\000b\000s\000c\000r\000i\000b\000e\000\040\000:\000\040\000A\000p\000a\000c\000h\000e\000\040\000K\000a\000f\000k\000a}{section.2.9}% 48
\BOOKMARK [2][-]{subsection.2.9.7}{\376\377\0002\000.\0009\000.\0007\000\040\000P\000r\000o\000t\000o\000c\000o\000l\000e\000\040\000d\000e\000\040\000c\000o\000m\000m\000u\000n\000i\000c\000a\000t\000i\000o\000n\000\040\000t\000e\000m\000p\000s\000\040\000r\000\351\000e\000l\000\040\000:\000\040\000W\000e\000b\000S\000o\000c\000k\000e\000t\000\040\000a\000v\000e\000c\000\040\000S\000T\000O\000M\000P\000/\000S\000o\000c\000k\000J\000S}{section.2.9}% 49
\BOOKMARK [2][-]{subsection.2.9.8}{\376\377\0002\000.\0009\000.\0008\000\040\000A\000P\000I\000\040\000d\000'\000i\000n\000t\000e\000l\000l\000i\000g\000e\000n\000c\000e\000\040\000a\000r\000t\000i\000f\000i\000c\000i\000e\000l\000l\000e\000\040\000g\000\351\000n\000\351\000r\000a\000t\000i\000v\000e\000\040\000:\000\040\000G\000r\000o\000q\000\040\000\050\000L\000l\000a\000m\000a\000\040\0003\000.\0003\000\051}{section.2.9}% 50
\BOOKMARK [2][-]{subsection.2.9.9}{\376\377\0002\000.\0009\000.\0009\000\040\000M\000o\000t\000e\000u\000r\000\040\000d\000e\000\040\000g\000\351\000n\000\351\000r\000a\000t\000i\000o\000n\000\040\000d\000e\000\040\000r\000a\000p\000p\000o\000r\000t\000s\000\040\000:\000\040\000J\000a\000s\000p\000e\000r\000R\000e\000p\000o\000r\000t\000s}{section.2.9}% 51
\BOOKMARK [2][-]{subsection.2.9.10}{\376\377\0002\000.\0009\000.\0001\0000\000\040\000G\000e\000s\000t\000i\000o\000n\000\040\000d\000e\000s\000\040\000m\000i\000g\000r\000a\000t\000i\000o\000n\000s\000\040\000d\000e\000\040\000s\000c\000h\000\351\000m\000a\000\040\000:\000\040\000F\000l\000y\000w\000a\000y}{section.2.9}% 52
\BOOKMARK [2][-]{subsection.2.9.11}{\376\377\0002\000.\0009\000.\0001\0001\000\040\000C\000a\000c\000h\000e\000\040\000a\000p\000p\000l\000i\000c\000a\000t\000i\000f\000\040\000e\000n\000\040\000m\000\351\000m\000o\000i\000r\000e\000\040\000J\000V\000M\000\040\000:\000\040\000C\000a\000f\000f\000e\000i\000n\000e}{section.2.9}% 53
\BOOKMARK [2][-]{subsection.2.9.12}{\376\377\0002\000.\0009\000.\0001\0002\000\040\000E\000n\000v\000i\000r\000o\000n\000n\000e\000m\000e\000n\000t\000\040\000d\000e\000\040\000c\000o\000n\000t\000e\000n\000e\000u\000r\000i\000s\000a\000t\000i\000o\000n\000\040\000:\000\040\000D\000o\000c\000k\000e\000r\000\040\000C\000o\000m\000p\000o\000s\000e}{section.2.9}% 54
\BOOKMARK [2][-]{subsection.2.9.13}{\376\377\0002\000.\0009\000.\0001\0003\000\040\000R\000\351\000c\000a\000p\000i\000t\000u\000l\000a\000t\000i\000f\000\040\000d\000e\000s\000\040\000c\000h\000o\000i\000x\000\040\000t\000e\000c\000h\000n\000o\000l\000o\000g\000i\000q\000u\000e\000s}{section.2.9}% 55
\BOOKMARK [1][-]{section.2.10}{\376\377\0002\000.\0001\0000\000\040\000C\000o\000n\000c\000l\000u\000s\000i\000o\000n}{chapter.2}% 56
\BOOKMARK [0][-]{chapter.3}{\376\377\0003\000\040\000S\000p\000r\000i\000n\000t\000s\000\040\0001\000\040\000e\000t\000\040\0002\000\040\000:\000\040\000I\000n\000f\000r\000a\000s\000t\000r\000u\000c\000t\000u\000r\000e\000\040\000e\000t\000\040\000G\000e\000s\000t\000i\000o\000n\000\040\000d\000e\000s\000\040\000E\000m\000p\000l\000o\000y\000\351\000s}{}% 57
\BOOKMARK [1][-]{section.3.1}{\376\377\0003\000.\0001\000\040\000I\000n\000t\000r\000o\000d\000u\000c\000t\000i\000o\000n}{chapter.3}% 58
\BOOKMARK [1][-]{section.3.2}{\376\377\0003\000.\0002\000\040\000S\000p\000r\000i\000n\000t\000\040\0001\000\040\000:\000\040\000I\000n\000i\000t\000i\000a\000l\000i\000s\000a\000t\000i\000o\000n\000\040\000e\000t\000\040\000i\000n\000f\000r\000a\000s\000t\000r\000u\000c\000t\000u\000r\000e\000\040\000d\000e\000\040\000b\000a\000s\000e}{chapter.3}% 59
\BOOKMARK [2][-]{subsection.3.2.1}{\376\377\0003\000.\0002\000.\0001\000\040\000O\000b\000j\000e\000c\000t\000i\000f\000s\000\040\000d\000u\000\040\000s\000p\000r\000i\000n\000t}{section.3.2}% 60
\BOOKMARK [2][-]{subsection.3.2.2}{\376\377\0003\000.\0002\000.\0002\000\040\000C\000o\000n\000c\000e\000p\000t\000i\000o\000n\000\040\000U\000M\000L}{section.3.2}% 61
\BOOKMARK [2][-]{subsection.3.2.3}{\376\377\0003\000.\0002\000.\0003\000\040\000I\000m\000p\000l\000\351\000m\000e\000n\000t\000a\000t\000i\000o\000n\000\040\000b\000a\000c\000k\000e\000n\000d}{section.3.2}% 62
\BOOKMARK [2][-]{subsection.3.2.4}{\376\377\0003\000.\0002\000.\0004\000\040\000I\000m\000p\000l\000\351\000m\000e\000n\000t\000a\000t\000i\000o\000n\000\040\000f\000r\000o\000n\000t\000e\000n\000d}{section.3.2}% 63
\BOOKMARK [2][-]{subsection.3.2.5}{\376\377\0003\000.\0002\000.\0005\000\040\000I\000n\000t\000e\000r\000f\000a\000c\000e\000s\000\040\000d\000e\000\040\000l\040\031\000a\000p\000p\000l\000i\000c\000a\000t\000i\000o\000n}{section.3.2}% 64
\BOOKMARK [2][-]{subsection.3.2.6}{\376\377\0003\000.\0002\000.\0006\000\040\000S\000p\000r\000i\000n\000t\000\040\000r\000e\000v\000i\000e\000w}{section.3.2}% 65
\BOOKMARK [1][-]{section.3.3}{\376\377\0003\000.\0003\000\040\000S\000p\000r\000i\000n\000t\000\040\0002\000\040\000:\000\040\000G\000e\000s\000t\000i\000o\000n\000\040\000d\000e\000s\000\040\000e\000m\000p\000l\000o\000y\000\351\000s}{chapter.3}% 66
\BOOKMARK [2][-]{subsection.3.3.1}{\376\377\0003\000.\0003\000.\0001\000\040\000O\000b\000j\000e\000c\000t\000i\000f\000s\000\040\000d\000u\000\040\000s\000p\000r\000i\000n\000t}{section.3.3}% 67
\BOOKMARK [2][-]{subsection.3.3.2}{\376\377\0003\000.\0003\000.\0002\000\040\000C\000o\000n\000c\000e\000p\000t\000i\000o\000n\000\040\000U\000M\000L}{section.3.3}% 68
\BOOKMARK [2][-]{subsection.3.3.3}{\376\377\0003\000.\0003\000.\0003\000\040\000I\000m\000p\000l\000\351\000m\000e\000n\000t\000a\000t\000i\000o\000n\000\040\000b\000a\000c\000k\000e\000n\000d}{section.3.3}% 69
\BOOKMARK [2][-]{subsection.3.3.4}{\376\377\0003\000.\0003\000.\0004\000\040\000I\000m\000p\000l\000\351\000m\000e\000n\000t\000a\000t\000i\000o\000n\000\040\000f\000r\000o\000n\000t\000e\000n\000d}{section.3.3}% 70
\BOOKMARK [2][-]{subsection.3.3.5}{\376\377\0003\000.\0003\000.\0005\000\040\000I\000n\000t\000e\000r\000f\000a\000c\000e\000s\000\040\000d\000e\000\040\000l\040\031\000a\000p\000p\000l\000i\000c\000a\000t\000i\000o\000n}{section.3.3}% 71
\BOOKMARK [2][-]{subsection.3.3.6}{\376\377\0003\000.\0003\000.\0006\000\040\000S\000p\000r\000i\000n\000t\000\040\000r\000e\000v\000i\000e\000w}{section.3.3}% 72
\BOOKMARK [1][-]{section.3.4}{\376\377\0003\000.\0004\000\040\000C\000o\000n\000c\000l\000u\000s\000i\000o\000n}{chapter.3}% 73
\BOOKMARK [0][-]{chapter.4}{\376\377\0004\000\040\000S\000p\000r\000i\000n\000t\000s\000\040\0003\000\040\000\340\000\040\0005\000\040\000:\000\040\000D\000e\000m\000a\000n\000d\000e\000s\000\040\000R\000H\000,\000\040\000K\000a\000f\000k\000a\000\040\000e\000t\000\040\000C\000o\000m\000m\000u\000n\000i\000c\000a\000t\000i\000o\000n\000\040\000T\000e\000m\000p\000s\000\040\000R\000\351\000e\000l}{}% 74
\BOOKMARK [1][-]{section.4.1}{\376\377\0004\000.\0001\000\040\000I\000n\000t\000r\000o\000d\000u\000c\000t\000i\000o\000n}{chapter.4}% 75
\BOOKMARK [1][-]{section.4.2}{\376\377\0004\000.\0002\000\040\000S\000p\000r\000i\000n\000t\000\040\0003\000\040\000:\000\040\000W\000o\000r\000k\000f\000l\000o\000w\000s\000\040\000d\000e\000\040\000d\000e\000m\000a\000n\000d\000e\000s\000\040\000R\000H}{chapter.4}% 76
\BOOKMARK [2][-]{subsection.4.2.1}{\376\377\0004\000.\0002\000.\0001\000\040\000O\000b\000j\000e\000c\000t\000i\000f\000s\000\040\000d\000u\000\040\000s\000p\000r\000i\000n\000t}{section.4.2}% 77
\BOOKMARK [2][-]{subsection.4.2.2}{\376\377\0004\000.\0002\000.\0002\000\040\000C\000o\000n\000c\000e\000p\000t\000i\000o\000n\000\040\000U\000M\000L}{section.4.2}% 78
\BOOKMARK [2][-]{subsection.4.2.3}{\376\377\0004\000.\0002\000.\0003\000\040\000I\000m\000p\000l\000\351\000m\000e\000n\000t\000a\000t\000i\000o\000n\000\040\000b\000a\000c\000k\000e\000n\000d}{section.4.2}% 79
\BOOKMARK [2][-]{subsection.4.2.4}{\376\377\0004\000.\0002\000.\0004\000\040\000I\000m\000p\000l\000\351\000m\000e\000n\000t\000a\000t\000i\000o\000n\000\040\000f\000r\000o\000n\000t\000e\000n\000d}{section.4.2}% 80
\BOOKMARK [2][-]{subsection.4.2.5}{\376\377\0004\000.\0002\000.\0005\000\040\000I\000n\000t\000e\000r\000f\000a\000c\000e\000s\000\040\000d\000e\000\040\000l\040\031\000a\000p\000p\000l\000i\000c\000a\000t\000i\000o\000n}{section.4.2}% 81
\BOOKMARK [2][-]{subsection.4.2.6}{\376\377\0004\000.\0002\000.\0006\000\040\000S\000p\000r\000i\000n\000t\000\040\000r\000e\000v\000i\000e\000w}{section.4.2}% 82
\BOOKMARK [1][-]{section.4.3}{\376\377\0004\000.\0003\000\040\000S\000p\000r\000i\000n\000t\000\040\0004\000\040\000:\000\040\000D\000e\000m\000a\000n\000d\000e\000s\000\040\000f\000i\000n\000a\000n\000c\000i\000\350\000r\000e\000s\000\040\000e\000t\000\040\000n\000o\000t\000i\000f\000i\000c\000a\000t\000i\000o\000n\000s\000\040\000K\000a\000f\000k\000a}{chapter.4}% 83
\BOOKMARK [2][-]{subsection.4.3.1}{\376\377\0004\000.\0003\000.\0001\000\040\000O\000b\000j\000e\000c\000t\000i\000f\000s\000\040\000d\000u\000\040\000s\000p\000r\000i\000n\000t}{section.4.3}% 84
\BOOKMARK [2][-]{subsection.4.3.2}{\376\377\0004\000.\0003\000.\0002\000\040\000C\000o\000n\000c\000e\000p\000t\000i\000o\000n\000\040\000U\000M\000L}{section.4.3}% 85
\BOOKMARK [2][-]{subsection.4.3.3}{\376\377\0004\000.\0003\000.\0003\000\040\000I\000m\000p\000l\000\351\000m\000e\000n\000t\000a\000t\000i\000o\000n\000\040\000b\000a\000c\000k\000e\000n\000d}{section.4.3}% 86
\BOOKMARK [2][-]{subsection.4.3.4}{\376\377\0004\000.\0003\000.\0004\000\040\000I\000m\000p\000l\000\351\000m\000e\000n\000t\000a\000t\000i\000o\000n\000\040\000f\000r\000o\000n\000t\000e\000n\000d}{section.4.3}% 87
\BOOKMARK [2][-]{subsection.4.3.5}{\376\377\0004\000.\0003\000.\0005\000\040\000I\000n\000t\000e\000r\000f\000a\000c\000e\000s\000\040\000d\000e\000\040\000l\000'\000a\000p\000p\000l\000i\000c\000a\000t\000i\000o\000n}{section.4.3}% 88
\BOOKMARK [2][-]{subsection.4.3.6}{\376\377\0004\000.\0003\000.\0006\000\040\000S\000p\000r\000i\000n\000t\000\040\000r\000e\000v\000i\000e\000w}{section.4.3}% 89
\BOOKMARK [1][-]{section.4.4}{\376\377\0004\000.\0004\000\040\000S\000p\000r\000i\000n\000t\000\040\0005\000\040\000:\000\040\000M\000e\000s\000s\000a\000g\000e\000r\000i\000e\000\040\000t\000e\000m\000p\000s\000\040\000r\000\351\000e\000l\000\040\000e\000t\000\040\000a\000s\000s\000i\000s\000t\000a\000n\000t\000\040\000I\000A}{chapter.4}% 90
\BOOKMARK [2][-]{subsection.4.4.1}{\376\377\0004\000.\0004\000.\0001\000\040\000O\000b\000j\000e\000c\000t\000i\000f\000s\000\040\000d\000u\000\040\000s\000p\000r\000i\000n\000t}{section.4.4}% 91
\BOOKMARK [2][-]{subsection.4.4.2}{\376\377\0004\000.\0004\000.\0002\000\040\000\311\000t\000u\000d\000e\000\040\000t\000h\000\351\000o\000r\000i\000q\000u\000e\000\040\000:\000\040\000I\000n\000t\000e\000l\000l\000i\000g\000e\000n\000c\000e\000\040\000a\000r\000t\000i\000f\000i\000c\000i\000e\000l\000l\000e\000\040\000d\000a\000n\000s\000\040\000S\000y\000n\000a\000p\000s\000e}{section.4.4}% 92
\BOOKMARK [2][-]{subsection.4.4.3}{\376\377\0004\000.\0004\000.\0003\000\040\000L\000e\000s\000\040\000g\000r\000a\000n\000d\000s\000\040\000m\000o\000d\000\350\000l\000e\000s\000\040\000d\000e\000\040\000l\000a\000n\000g\000a\000g\000e\000\040\000\050\000L\000L\000M\000\051}{section.4.4}% 93
\BOOKMARK [2][-]{subsection.4.4.4}{\376\377\0004\000.\0004\000.\0004\000\040\000P\000r\000o\000m\000p\000t\000\040\000e\000n\000g\000i\000n\000e\000e\000r\000i\000n\000g}{section.4.4}% 94
\BOOKMARK [2][-]{subsection.4.4.5}{\376\377\0004\000.\0004\000.\0005\000\040\000S\000\351\000c\000u\000r\000i\000t\000\351\000\040\000:\000\040\000i\000n\000j\000e\000c\000t\000i\000o\000n\000\040\000d\000e\000\040\000p\000r\000o\000m\000p\000t}{section.4.4}% 95
\BOOKMARK [2][-]{subsection.4.4.6}{\376\377\0004\000.\0004\000.\0006\000\040\000C\000o\000n\000c\000e\000p\000t\000i\000o\000n\000\040\000U\000M\000L}{section.4.4}% 96
\BOOKMARK [2][-]{subsection.4.4.7}{\376\377\0004\000.\0004\000.\0007\000\040\000I\000m\000p\000l\000\351\000m\000e\000n\000t\000a\000t\000i\000o\000n\000\040\000b\000a\000c\000k\000e\000n\000d}{section.4.4}% 97
\BOOKMARK [2][-]{subsection.4.4.8}{\376\377\0004\000.\0004\000.\0008\000\040\000I\000n\000t\000e\000r\000f\000a\000c\000e\000s\000\040\000d\000e\000\040\000l\000'\000a\000p\000p\000l\000i\000c\000a\000t\000i\000o\000n}{section.4.4}% 98
\BOOKMARK [2][-]{subsection.4.4.9}{\376\377\0004\000.\0004\000.\0009\000\040\000I\000m\000p\000l\000\351\000m\000e\000n\000t\000a\000t\000i\000o\000n\000\040\000f\000r\000o\000n\000t\000e\000n\000d}{section.4.4}% 99
\BOOKMARK [2][-]{subsection.4.4.10}{\376\377\0004\000.\0004\000.\0001\0000\000\040\000S\000p\000r\000i\000n\000t\000\040\000r\000e\000v\000i\000e\000w}{section.4.4}% 100
\BOOKMARK [1][-]{section.4.5}{\376\377\0004\000.\0005\000\040\000C\000o\000n\000c\000l\000u\000s\000i\000o\000n}{chapter.4}% 101
\BOOKMARK [0][-]{chapter.5}{\376\377\0005\000\040\000S\000p\000r\000i\000n\000t\000s\000\040\0006\000\040\000e\000t\000\040\0007\000\040\000:\000\040\000P\000r\000o\000j\000e\000t\000s\000,\000\040\000\311\000v\000a\000l\000u\000a\000t\000i\000o\000n\000,\000\040\000R\000e\000c\000r\000u\000t\000e\000m\000e\000n\000t\000,\000\040\000R\000e\000p\000o\000r\000t\000i\000n\000g\000\040\000e\000t\000\040\000A\000n\000a\000l\000y\000t\000i\000q\000u\000e\000\040\000D\000\351\000c\000i\000s\000i\000o\000n\000n\000e\000l\000l\000e}{}% 102
\BOOKMARK [1][-]{section.5.1}{\376\377\0005\000.\0001\000\040\000I\000n\000t\000r\000o\000d\000u\000c\000t\000i\000o\000n}{chapter.5}% 103
\BOOKMARK [1][-]{section.5.2}{\376\377\0005\000.\0002\000\040\000S\000p\000r\000i\000n\000t\000\040\0006\000\040\000:\000\040\000P\000r\000o\000j\000e\000t\000s\000,\000\040\000t\000\342\000c\000h\000e\000s\000,\000\040\000\351\000v\000a\000l\000u\000a\000t\000i\000o\000n\000\040\000d\000e\000s\000\040\000p\000e\000r\000f\000o\000r\000m\000a\000n\000c\000e\000s\000\040\000e\000t\000\040\000r\000e\000c\000r\000u\000t\000e\000m\000e\000n\000t}{chapter.5}% 104
\BOOKMARK [2][-]{subsection.5.2.1}{\376\377\0005\000.\0002\000.\0001\000\040\000O\000b\000j\000e\000c\000t\000i\000f\000s\000\040\000d\000u\000\040\000s\000p\000r\000i\000n\000t}{section.5.2}% 105
\BOOKMARK [2][-]{subsection.5.2.2}{\376\377\0005\000.\0002\000.\0002\000\040\000C\000o\000n\000c\000e\000p\000t\000i\000o\000n\000\040\000U\000M\000L}{section.5.2}% 106
\BOOKMARK [2][-]{subsection.5.2.3}{\376\377\0005\000.\0002\000.\0003\000\040\000I\000m\000p\000l\000\351\000m\000e\000n\000t\000a\000t\000i\000o\000n\000\040\000b\000a\000c\000k\000e\000n\000d}{section.5.2}% 107
\BOOKMARK [2][-]{subsection.5.2.4}{\376\377\0005\000.\0002\000.\0004\000\040\000I\000n\000t\000e\000r\000f\000a\000c\000e\000s\000\040\000d\000e\000\040\000l\040\031\000a\000p\000p\000l\000i\000c\000a\000t\000i\000o\000n}{section.5.2}% 108
\BOOKMARK [2][-]{subsection.5.2.5}{\376\377\0005\000.\0002\000.\0005\000\040\000I\000m\000p\000l\000\351\000m\000e\000n\000t\000a\000t\000i\000o\000n\000\040\000f\000r\000o\000n\000t\000e\000n\000d}{section.5.2}% 109
\BOOKMARK [2][-]{subsection.5.2.6}{\376\377\0005\000.\0002\000.\0006\000\040\000S\000p\000r\000i\000n\000t\000\040\000r\000e\000v\000i\000e\000w}{section.5.2}% 110
\BOOKMARK [1][-]{section.5.3}{\376\377\0005\000.\0003\000\040\000S\000p\000r\000i\000n\000t\000\040\0007\000\040\000:\000\040\000R\000e\000p\000o\000r\000t\000i\000n\000g\000\040\000J\000a\000s\000p\000e\000r\000R\000e\000p\000o\000r\000t\000s\000\040\000e\000t\000\040\000a\000n\000a\000l\000y\000t\000i\000q\000u\000e\000\040\000d\000\351\000c\000i\000s\000i\000o\000n\000n\000e\000l\000l\000e}{chapter.5}% 111
\BOOKMARK [2][-]{subsection.5.3.1}{\376\377\0005\000.\0003\000.\0001\000\040\000O\000b\000j\000e\000c\000t\000i\000f\000s\000\040\000d\000u\000\040\000s\000p\000r\000i\000n\000t}{section.5.3}% 112
\BOOKMARK [2][-]{subsection.5.3.2}{\376\377\0005\000.\0003\000.\0002\000\040\000\311\000t\000u\000d\000e\000\040\000t\000h\000\351\000o\000r\000i\000q\000u\000e\000\040\000:\000\040\000P\000r\000\351\000d\000i\000c\000t\000i\000o\000n\000\040\000d\000e\000\040\000l\000'\000a\000t\000t\000r\000i\000t\000i\000o\000n\000\040\000d\000u\000\040\000p\000e\000r\000s\000o\000n\000n\000e\000l}{section.5.3}% 113
\BOOKMARK [2][-]{subsection.5.3.3}{\376\377\0005\000.\0003\000.\0003\000\040\000Q\000u\000'\000e\000s\000t\000-\000c\000e\000\040\000q\000u\000e\000\040\000l\000'\000a\000t\000t\000r\000i\000t\000i\000o\000n\000\040\000?}{section.5.3}% 114
\BOOKMARK [2][-]{subsection.5.3.4}{\376\377\0005\000.\0003\000.\0004\000\040\000C\000h\000o\000i\000x\000\040\000d\000e\000\040\000l\000'\000a\000p\000p\000r\000o\000c\000h\000e\000\040\000:\000\040\000s\000c\000o\000r\000i\000n\000g\000\040\000p\000a\000r\000\040\000r\000\350\000g\000l\000e\000s}{section.5.3}% 115
\BOOKMARK [2][-]{subsection.5.3.5}{\376\377\0005\000.\0003\000.\0005\000\040\000F\000a\000c\000t\000e\000u\000r\000s\000\040\000r\000e\000t\000e\000n\000u\000s\000\040\000e\000t\000\040\000l\000e\000u\000r\000\040\000s\000i\000g\000n\000i\000f\000i\000c\000a\000t\000i\000o\000n}{section.5.3}% 116
\BOOKMARK [2][-]{subsection.5.3.6}{\376\377\0005\000.\0003\000.\0006\000\040\000L\000i\000m\000i\000t\000e\000s\000\040\000r\000e\000c\000o\000n\000n\000u\000e\000s}{section.5.3}% 117
\BOOKMARK [2][-]{subsection.5.3.7}{\376\377\0005\000.\0003\000.\0007\000\040\000C\000o\000n\000c\000e\000p\000t\000i\000o\000n\000\040\000U\000M\000L}{section.5.3}% 118
\BOOKMARK [2][-]{subsection.5.3.8}{\376\377\0005\000.\0003\000.\0008\000\040\000M\000o\000d\000\351\000l\000i\000s\000a\000t\000i\000o\000n\000\040\000d\000e\000\040\000l\040\031\000a\000l\000g\000o\000r\000i\000t\000h\000m\000e\000\040\000d\040\031\000a\000t\000t\000r\000i\000t\000i\000o\000n}{section.5.3}% 119
\BOOKMARK [2][-]{subsection.5.3.9}{\376\377\0005\000.\0003\000.\0009\000\040\000I\000m\000p\000l\000\351\000m\000e\000n\000t\000a\000t\000i\000o\000n\000\040\000b\000a\000c\000k\000e\000n\000d}{section.5.3}% 120
\BOOKMARK [2][-]{subsection.5.3.10}{\376\377\0005\000.\0003\000.\0001\0000\000\040\000I\000n\000t\000e\000r\000f\000a\000c\000e\000s\000\040\000d\000e\000\040\000l\040\031\000a\000p\000p\000l\000i\000c\000a\000t\000i\000o\000n}{section.5.3}% 121
\BOOKMARK [2][-]{subsection.5.3.11}{\376\377\0005\000.\0003\000.\0001\0001\000\040\000I\000m\000p\000l\000\351\000m\000e\000n\000t\000a\000t\000i\000o\000n\000\040\000f\000r\000o\000n\000t\000e\000n\000d}{section.5.3}% 122
\BOOKMARK [2][-]{subsection.5.3.12}{\376\377\0005\000.\0003\000.\0001\0002\000\040\000S\000p\000r\000i\000n\000t\000\040\000r\000e\000v\000i\000e\000w}{section.5.3}% 123
\BOOKMARK [1][-]{section.5.4}{\376\377\0005\000.\0004\000\040\000C\000o\000n\000c\000l\000u\000s\000i\000o\000n}{chapter.5}% 124
\BOOKMARK [0][-]{chapter.6}{\376\377\0006\000\040\000S\000\351\000c\000u\000r\000i\000t\000\351\000\040\000d\000e\000\040\000l\000a\000\040\000P\000l\000a\000t\000e\000f\000o\000r\000m\000e}{}% 125
\BOOKMARK [1][-]{section.6.1}{\376\377\0006\000.\0001\000\040\000I\000n\000t\000r\000o\000d\000u\000c\000t\000i\000o\000n}{chapter.6}% 126
\BOOKMARK [1][-]{section.6.2}{\376\377\0006\000.\0002\000\040\000A\000r\000c\000h\000i\000t\000e\000c\000t\000u\000r\000e\000\040\000d\000e\000\040\000s\000\351\000c\000u\000r\000i\000t\000\351\000\040\000g\000l\000o\000b\000a\000l\000e}{chapter.6}% 127
\BOOKMARK [2][-]{subsection.6.2.1}{\376\377\0006\000.\0002\000.\0001\000\040\000P\000\351\000r\000i\000m\000\350\000t\000r\000e\000\040\000e\000t\000\040\000s\000u\000r\000f\000a\000c\000e\000\040\000d\040\031\000a\000t\000t\000a\000q\000u\000e}{section.6.2}% 128
\BOOKMARK [2][-]{subsection.6.2.2}{\376\377\0006\000.\0002\000.\0002\000\040\000M\000o\000d\000\350\000l\000e\000\040\000Z\000e\000r\000o\000\040\000T\000r\000u\000s\000t\000\040\000a\000p\000p\000l\000i\000q\000u\000\351}{section.6.2}% 129
\BOOKMARK [1][-]{section.6.3}{\376\377\0006\000.\0003\000\040\000A\000u\000t\000h\000e\000n\000t\000i\000f\000i\000c\000a\000t\000i\000o\000n\000\040\000O\000A\000u\000t\000h\0002\000/\000O\000p\000e\000n\000I\000D\000\040\000C\000o\000n\000n\000e\000c\000t\000\040\000a\000v\000e\000c\000\040\000K\000e\000y\000c\000l\000o\000a\000k}{chapter.6}% 130
\BOOKMARK [2][-]{subsection.6.3.1}{\376\377\0006\000.\0003\000.\0001\000\040\000F\000l\000u\000x\000\040\000d\040\031\000a\000u\000t\000h\000e\000n\000t\000i\000f\000i\000c\000a\000t\000i\000o\000n\000\040\000P\000K\000C\000E}{section.6.3}% 131
\BOOKMARK [2][-]{subsection.6.3.2}{\376\377\0006\000.\0003\000.\0002\000\040\000S\000t\000r\000u\000c\000t\000u\000r\000e\000\040\000d\000u\000\040\000J\000W\000T\000\040\000\351\000m\000i\000s\000\040\000p\000a\000r\000\040\000K\000e\000y\000c\000l\000o\000a\000k}{section.6.3}% 132
\BOOKMARK [2][-]{subsection.6.3.3}{\376\377\0006\000.\0003\000.\0003\000\040\000C\000o\000n\000f\000i\000g\000u\000r\000a\000t\000i\000o\000n\000\040\000k\000e\000y\000c\000l\000o\000a\000k\000-\000a\000n\000g\000u\000l\000a\000r\000\040\000c\000\364\000t\000\351\000\040\000f\000r\000o\000n\000t\000e\000n\000d}{section.6.3}% 133
\BOOKMARK [1][-]{section.6.4}{\376\377\0006\000.\0004\000\040\000C\000o\000n\000t\000r\000\364\000l\000e\000\040\000d\040\031\000a\000c\000c\000\350\000s\000\040\000b\000a\000s\000\351\000\040\000s\000u\000r\000\040\000l\000e\000s\000\040\000r\000\364\000l\000e\000s\000\040\000\050\000R\000B\000A\000C\000\051}{chapter.6}% 134
\BOOKMARK [2][-]{subsection.6.4.1}{\376\377\0006\000.\0004\000.\0001\000\040\000M\000a\000t\000r\000i\000c\000e\000\040\000d\000e\000s\000\040\000r\000\364\000l\000e\000s\000\040\000e\000t\000\040\000p\000e\000r\000m\000i\000s\000s\000i\000o\000n\000s}{section.6.4}% 135
\BOOKMARK [2][-]{subsection.6.4.2}{\376\377\0006\000.\0004\000.\0002\000\040\000I\000m\000p\000l\000\351\000m\000e\000n\000t\000a\000t\000i\000o\000n\000\040\000d\000u\000\040\000R\000B\000A\000C\000\040\000c\000\364\000t\000\351\000\040\000b\000a\000c\000k\000e\000n\000d}{section.6.4}% 136
\BOOKMARK [2][-]{subsection.6.4.3}{\376\377\0006\000.\0004\000.\0003\000\040\000I\000m\000p\000l\000\351\000m\000e\000n\000t\000a\000t\000i\000o\000n\000\040\000d\000u\000\040\000R\000B\000A\000C\000\040\000c\000\364\000t\000\351\000\040\000f\000r\000o\000n\000t\000e\000n\000d}{section.6.4}% 137
\BOOKMARK [1][-]{section.6.5}{\376\377\0006\000.\0005\000\040\000S\000\351\000c\000u\000r\000i\000s\000a\000t\000i\000o\000n\000\040\000d\000e\000s\000\040\000m\000i\000c\000r\000o\000s\000e\000r\000v\000i\000c\000e\000s\000\040\000S\000p\000r\000i\000n\000g\000\040\000B\000o\000o\000t}{chapter.6}% 138
\BOOKMARK [2][-]{subsection.6.5.1}{\376\377\0006\000.\0005\000.\0001\000\040\000S\000e\000s\000s\000i\000o\000n\000\040\000s\000t\000a\000t\000e\000l\000e\000s\000s\000\040\000\050\000J\000W\000T\000\051}{section.6.5}% 139
\BOOKMARK [2][-]{subsection.6.5.2}{\376\377\0006\000.\0005\000.\0002\000\040\000V\000a\000l\000i\000d\000a\000t\000i\000o\000n\000\040\000d\000u\000\040\000J\000W\000T}{section.6.5}% 140
\BOOKMARK [2][-]{subsection.6.5.3}{\376\377\0006\000.\0005\000.\0003\000\040\000C\000o\000n\000f\000i\000g\000u\000r\000a\000t\000i\000o\000n\000\040\000C\000O\000R\000S}{section.6.5}% 141
\BOOKMARK [2][-]{subsection.6.5.4}{\376\377\0006\000.\0005\000.\0004\000\040\000D\000\351\000s\000a\000c\000t\000i\000v\000a\000t\000i\000o\000n\000\040\000d\000e\000\040\000C\000S\000R\000F}{section.6.5}% 142
\BOOKMARK [2][-]{subsection.6.5.5}{\376\377\0006\000.\0005\000.\0005\000\040\000H\000i\000k\000a\000r\000i\000C\000P\000\040\000e\000t\000\040\000i\000s\000o\000l\000a\000t\000i\000o\000n\000\040\000d\000e\000\040\000l\000a\000\040\000b\000a\000s\000e\000\040\000d\000e\000\040\000d\000o\000n\000n\000\351\000e\000s}{section.6.5}% 143
\BOOKMARK [1][-]{section.6.6}{\376\377\0006\000.\0006\000\040\000S\000\351\000c\000u\000r\000i\000s\000a\000t\000i\000o\000n\000\040\000d\000u\000\040\000c\000a\000n\000a\000l\000\040\000W\000e\000b\000S\000o\000c\000k\000e\000t\000\040\000S\000T\000O\000M\000P}{chapter.6}% 144
\BOOKMARK [2][-]{subsection.6.6.1}{\376\377\0006\000.\0006\000.\0001\000\040\000D\000\351\000f\000i\000\040\000d\000e\000\040\000s\000\351\000c\000u\000r\000i\000t\000\351\000\040\000W\000e\000b\000S\000o\000c\000k\000e\000t}{section.6.6}% 145
\BOOKMARK [2][-]{subsection.6.6.2}{\376\377\0006\000.\0006\000.\0002\000\040\000W\000e\000b\000S\000o\000c\000k\000e\000t\000A\000u\000t\000h\000C\000h\000a\000n\000n\000e\000l\000I\000n\000t\000e\000r\000c\000e\000p\000t\000o\000r}{section.6.6}% 146
\BOOKMARK [2][-]{subsection.6.6.3}{\376\377\0006\000.\0006\000.\0003\000\040\000I\000s\000o\000l\000a\000t\000i\000o\000n\000\040\000d\000e\000s\000\040\000c\000o\000n\000v\000e\000r\000s\000a\000t\000i\000o\000n\000s}{section.6.6}% 147
\BOOKMARK [1][-]{section.6.7}{\376\377\0006\000.\0007\000\040\000P\000r\000\351\000v\000e\000n\000t\000i\000o\000n\000\040\000d\000e\000s\000\040\000v\000u\000l\000n\000\351\000r\000a\000b\000i\000l\000i\000t\000\351\000s\000\040\000O\000W\000A\000S\000P}{chapter.6}% 148
\BOOKMARK [2][-]{subsection.6.7.1}{\376\377\0006\000.\0007\000.\0001\000\040\000P\000r\000o\000t\000e\000c\000t\000i\000o\000n\000\040\000c\000o\000n\000t\000r\000e\000\040\000l\000'\000i\000n\000j\000e\000c\000t\000i\000o\000n\000\040\000S\000Q\000L}{section.6.7}% 149
\BOOKMARK [2][-]{subsection.6.7.2}{\376\377\0006\000.\0007\000.\0002\000\040\000P\000r\000o\000t\000e\000c\000t\000i\000o\000n\000\040\000c\000o\000n\000t\000r\000e\000\040\000l\000e\000\040\000X\000S\000S}{section.6.7}% 150
\BOOKMARK [2][-]{subsection.6.7.3}{\376\377\0006\000.\0007\000.\0003\000\040\000P\000r\000o\000t\000e\000c\000t\000i\000o\000n\000\040\000c\000o\000n\000t\000r\000e\000\040\000l\000e\000s\000\040\000a\000t\000t\000a\000q\000u\000e\000s\000\040\000d\000e\000\040\000t\000y\000p\000e\000\040\000B\000r\000o\000k\000e\000n\000\040\000O\000b\000j\000e\000c\000t\000\040\000L\000e\000v\000e\000l\000\040\000A\000u\000t\000h\000o\000r\000i\000z\000a\000t\000i\000o\000n}{section.6.7}% 151
\BOOKMARK [1][-]{section.6.8}{\376\377\0006\000.\0008\000\040\000G\000e\000s\000t\000i\000o\000n\000\040\000d\000e\000s\000\040\000d\000o\000n\000n\000\351\000e\000s\000\040\000s\000e\000n\000s\000i\000b\000l\000e\000s}{chapter.6}% 152
\BOOKMARK [2][-]{subsection.6.8.1}{\376\377\0006\000.\0008\000.\0001\000\040\000E\000x\000t\000e\000r\000n\000a\000l\000i\000s\000a\000t\000i\000o\000n\000\040\000d\000e\000s\000\040\000s\000e\000c\000r\000e\000t\000s}{section.6.8}% 153
\BOOKMARK [2][-]{subsection.6.8.2}{\376\377\0006\000.\0008\000.\0002\000\040\000D\000o\000n\000n\000\351\000e\000s\000\040\000p\000e\000r\000s\000o\000n\000n\000e\000l\000l\000e\000s\000\040\000e\000t\000\040\000R\000G\000P\000D}{section.6.8}% 154
\BOOKMARK [2][-]{subsection.6.8.3}{\376\377\0006\000.\0008\000.\0003\000\040\000G\000e\000s\000t\000i\000o\000n\000\040\000s\000\351\000c\000u\000r\000i\000s\000\351\000e\000\040\000d\000e\000s\000\040\000f\000i\000c\000h\000i\000e\000r\000s\000\040\000u\000p\000l\000o\000a\000d\000\351\000s}{section.6.8}% 155
\BOOKMARK [2][-]{subsection.6.8.4}{\376\377\0006\000.\0008\000.\0004\000\040\000T\000r\000a\000\347\000a\000b\000i\000l\000i\000t\000\351\000\040\000e\000t\000\040\000j\000o\000u\000r\000n\000a\000l\000i\000s\000a\000t\000i\000o\000n\000\040\000d\000e\000s\000\040\000a\000u\000d\000i\000t\000s}{section.6.8}% 156
\BOOKMARK [1][-]{section.6.9}{\376\377\0006\000.\0009\000\040\000C\000o\000n\000c\000l\000u\000s\000i\000o\000n}{chapter.6}% 157
\BOOKMARK [0][-]{chapter.7}{\376\377\0007\000\040\000T\000e\000s\000t\000s\000\040\000e\000t\000\040\000V\000a\000l\000i\000d\000a\000t\000i\000o\000n}{}% 158
\BOOKMARK [1][-]{section.7.1}{\376\377\0007\000.\0001\000\040\000I\000n\000t\000r\000o\000d\000u\000c\000t\000i\000o\000n}{chapter.7}% 159
\BOOKMARK [1][-]{section.7.2}{\376\377\0007\000.\0002\000\040\000S\000t\000r\000a\000t\000\351\000g\000i\000e\000\040\000d\000e\000\040\000t\000e\000s\000t}{chapter.7}% 160
\BOOKMARK [2][-]{subsection.7.2.1}{\376\377\0007\000.\0002\000.\0001\000\040\000P\000y\000r\000a\000m\000i\000d\000e\000\040\000d\000e\000\040\000t\000e\000s\000t\000\040\000d\000e\000\040\000S\000y\000n\000a\000p\000s\000e}{section.7.2}% 161
\BOOKMARK [2][-]{subsection.7.2.2}{\376\377\0007\000.\0002\000.\0002\000\040\000F\000r\000a\000m\000e\000w\000o\000r\000k\000s\000\040\000e\000t\000\040\000o\000u\000t\000i\000l\000s\000\040\000d\000e\000\040\000t\000e\000s\000t}{section.7.2}% 162
\BOOKMARK [1][-]{section.7.3}{\376\377\0007\000.\0003\000\040\000T\000e\000s\000t\000s\000\040\000u\000n\000i\000t\000a\000i\000r\000e\000s\000\040\000d\000e\000s\000\040\000m\000i\000c\000r\000o\000s\000e\000r\000v\000i\000c\000e\000s}{chapter.7}% 163
\BOOKMARK [2][-]{subsection.7.3.1}{\376\377\0007\000.\0003\000.\0001\000\040\000T\000e\000s\000t\000s\000\040\000u\000n\000i\000t\000a\000i\000r\000e\000s\000\040\000d\000u\000\040\000d\000e\000m\000a\000n\000d\000e\000s\000-\000s\000e\000r\000v\000i\000c\000e}{section.7.3}% 164
\BOOKMARK [2][-]{subsection.7.3.2}{\376\377\0007\000.\0003\000.\0002\000\040\000S\000e\000t\000u\000p\000\040\000d\000u\000\040\000c\000o\000n\000t\000e\000x\000t\000e\000\040\000d\000e\000\040\000t\000e\000s\000t\000\040\000J\000W\000T}{section.7.3}% 165
\BOOKMARK [2][-]{subsection.7.3.3}{\376\377\0007\000.\0003\000.\0003\000\040\000T\000e\000s\000t\000s\000\040\000u\000n\000i\000t\000a\000i\000r\000e\000s\000\040\000d\000e\000\040\000l\000'\000a\000n\000a\000l\000y\000t\000i\000c\000s\000-\000s\000e\000r\000v\000i\000c\000e\000\040\040\024\000\040\000A\000l\000g\000o\000r\000i\000t\000h\000m\000e\000\040\000d\000'\000a\000t\000t\000r\000i\000t\000i\000o\000n}{section.7.3}% 166
\BOOKMARK [2][-]{subsection.7.3.4}{\376\377\0007\000.\0003\000.\0004\000\040\000T\000e\000s\000t\000s\000\040\000u\000n\000i\000t\000a\000i\000r\000e\000s\000\040\000d\000u\000\040\000p\000r\000o\000j\000e\000t\000s\000-\000s\000e\000r\000v\000i\000c\000e}{section.7.3}% 167
\BOOKMARK [2][-]{subsection.7.3.5}{\376\377\0007\000.\0003\000.\0005\000\040\000T\000e\000s\000t\000s\000\040\000d\000e\000\040\000c\000o\000n\000t\000r\000\364\000l\000e\000\040\000d\000'\000a\000c\000c\000\350\000s\000\040\000R\000B\000A\000C\000\040\040\024\000\040\000e\000m\000p\000l\000o\000y\000e\000-\000s\000e\000r\000v\000i\000c\000e}{section.7.3}% 168
\BOOKMARK [2][-]{subsection.7.3.6}{\376\377\0007\000.\0003\000.\0006\000\040\000T\000e\000s\000t\000\040\000d\000u\000\040\000p\000r\000o\000d\000u\000c\000t\000e\000u\000r\000\040\000K\000a\000f\000k\000a\000\040\040\024\000\040\000d\000e\000m\000a\000n\000d\000e\000s\000-\000s\000e\000r\000v\000i\000c\000e}{section.7.3}% 169
\BOOKMARK [1][-]{section.7.4}{\376\377\0007\000.\0004\000\040\000T\000e\000s\000t\000s\000\040\000d\000e\000\040\000d\000\351\000m\000a\000r\000r\000a\000g\000e\000\040\000d\000u\000\040\000c\000o\000n\000t\000e\000x\000t\000e\000\040\000S\000p\000r\000i\000n\000g}{chapter.7}% 170
\BOOKMARK [2][-]{subsection.7.4.1}{\376\377\0007\000.\0004\000.\0001\000\040\000T\000e\000s\000t\000s\000\040\000@\000S\000p\000r\000i\000n\000g\000B\000o\000o\000t\000T\000e\000s\000t}{section.7.4}% 171
\BOOKMARK [2][-]{subsection.7.4.2}{\376\377\0007\000.\0004\000.\0002\000\040\000C\000o\000n\000f\000i\000g\000u\000r\000a\000t\000i\000o\000n\000\040\000d\000e\000\040\000t\000e\000s\000t\000\040\000:\000\040\000i\000s\000o\000l\000a\000t\000i\000o\000n\000\040\000O\000r\000a\000c\000l\000e\000\040\000e\000t\000\040\000K\000e\000y\000c\000l\000o\000a\000k}{section.7.4}% 172
\BOOKMARK [1][-]{section.7.5}{\376\377\0007\000.\0005\000\040\000T\000e\000s\000t\000s\000\040\000d\000'\000i\000n\000t\000\351\000g\000r\000a\000t\000i\000o\000n\000\040\000A\000P\000I}{chapter.7}% 173
\BOOKMARK [2][-]{subsection.7.5.1}{\376\377\0007\000.\0005\000.\0001\000\040\000A\000p\000p\000r\000o\000c\000h\000e\000\040\000d\000e\000\040\000v\000a\000l\000i\000d\000a\000t\000i\000o\000n\000\040\000v\000i\000a\000\040\000P\000o\000s\000t\000m\000a\000n}{section.7.5}% 174
\BOOKMARK [2][-]{subsection.7.5.2}{\376\377\0007\000.\0005\000.\0002\000\040\000S\000c\000\351\000n\000a\000r\000i\000o\000s\000\040\000d\000e\000\040\000t\000e\000s\000t\000\040\000A\000P\000I\000\040\000p\000a\000r\000\040\000s\000e\000r\000v\000i\000c\000e}{section.7.5}% 175
\BOOKMARK [1][-]{section.7.6}{\376\377\0007\000.\0006\000\040\000V\000a\000l\000i\000d\000a\000t\000i\000o\000n\000\040\000d\000e\000s\000\040\000s\000c\000\351\000n\000a\000r\000i\000o\000s\000\040\000m\000\351\000t\000i\000e\000r}{chapter.7}% 176
\BOOKMARK [2][-]{subsection.7.6.1}{\376\377\0007\000.\0006\000.\0001\000\040\000S\000c\000\351\000n\000a\000r\000i\000o\000\040\0001\000\040\000:\000\040\000W\000o\000r\000k\000f\000l\000o\000w\000\040\000c\000o\000m\000p\000l\000e\000t\000\040\000d\000'\000u\000n\000e\000\040\000d\000e\000m\000a\000n\000d\000e\000\040\000d\000e\000\040\000c\000o\000n\000g\000\351}{section.7.6}% 177
\BOOKMARK [2][-]{subsection.7.6.2}{\376\377\0007\000.\0006\000.\0002\000\040\000S\000c\000\351\000n\000a\000r\000i\000o\000\040\0002\000\040\000:\000\040\000W\000o\000r\000k\000f\000l\000o\000w\000\040\000d\000e\000\040\000p\000r\000\352\000t\000\040\000a\000v\000e\000c\000\040\000c\000o\000m\000i\000t\000\351\000\040\000d\000e\000\040\000c\000r\000\351\000d\000i\000t}{section.7.6}% 178
\BOOKMARK [2][-]{subsection.7.6.3}{\376\377\0007\000.\0006\000.\0003\000\040\000S\000c\000\351\000n\000a\000r\000i\000o\000\040\0003\000\040\000:\000\040\000P\000r\000\351\000d\000i\000c\000t\000i\000o\000n\000\040\000d\000'\000a\000t\000t\000r\000i\000t\000i\000o\000n\000\040\000a\000v\000e\000c\000\040\000c\000a\000c\000h\000e\000\040\000C\000a\000f\000f\000e\000i\000n\000e}{section.7.6}% 179
\BOOKMARK [2][-]{subsection.7.6.4}{\376\377\0007\000.\0006\000.\0004\000\040\000S\000c\000\351\000n\000a\000r\000i\000o\000\040\0004\000\040\000:\000\040\000C\000o\000n\000n\000e\000x\000i\000o\000n\000\040\000W\000e\000b\000S\000o\000c\000k\000e\000t\000\040\000e\000t\000\040\000e\000n\000v\000o\000i\000\040\000d\000e\000\040\000m\000e\000s\000s\000a\000g\000e}{section.7.6}% 180
\BOOKMARK [1][-]{section.7.7}{\376\377\0007\000.\0007\000\040\000B\000i\000l\000a\000n\000\040\000d\000e\000\040\000l\000a\000\040\000c\000o\000u\000v\000e\000r\000t\000u\000r\000e}{chapter.7}% 181
\BOOKMARK [2][-]{subsection.7.7.1}{\376\377\0007\000.\0007\000.\0001\000\040\000R\000\351\000c\000a\000p\000i\000t\000u\000l\000a\000t\000i\000f\000\040\000d\000e\000s\000\040\000t\000e\000s\000t\000s\000\040\000i\000m\000p\000l\000\351\000m\000e\000n\000t\000\351\000s}{section.7.7}% 182
\BOOKMARK [2][-]{subsection.7.7.2}{\376\377\0007\000.\0007\000.\0002\000\040\000R\000\351\000s\000u\000l\000t\000a\000t\000s\000\040\000d\000'\000e\000x\000\351\000c\000u\000t\000i\000o\000n\000\040\000M\000a\000v\000e\000n}{section.7.7}% 183
\BOOKMARK [2][-]{subsection.7.7.3}{\376\377\0007\000.\0007\000.\0003\000\040\000R\000a\000p\000p\000o\000r\000t\000\040\000d\000e\000\040\000c\000o\000u\000v\000e\000r\000t\000u\000r\000e\000\040\000J\000a\000C\000o\000C\000o}{section.7.7}% 184
\BOOKMARK [2][-]{subsection.7.7.4}{\376\377\0007\000.\0007\000.\0004\000\040\000C\000o\000u\000v\000e\000r\000t\000u\000r\000e\000\040\000p\000a\000r\000\040\000m\000i\000c\000r\000o\000s\000e\000r\000v\000i\000c\000e}{section.7.7}% 185
\BOOKMARK [2][-]{subsection.7.7.5}{\376\377\0007\000.\0007\000.\0005\000\040\000P\000o\000i\000n\000t\000s\000\040\000n\000o\000n\000\040\000c\000o\000u\000v\000e\000r\000t\000s\000\040\000e\000t\000\040\000p\000e\000r\000s\000p\000e\000c\000t\000i\000v\000e\000s}{section.7.7}% 186
\BOOKMARK [1][-]{section.7.8}{\376\377\0007\000.\0008\000\040\000C\000o\000n\000c\000l\000u\000s\000i\000o\000n}{chapter.7}% 187
\BOOKMARK [0][-]{chapter*.188}{\376\377\000R\000\351\000f\000\351\000r\000e\000n\000c\000e\000s\000\040\000b\000i\000b\000l\000i\000o\000g\000r\000a\000p\000h\000i\000q\000u\000e\000s}{}% 188
\BOOKMARK [0][-]{chapter*.190}{\376\377\000C\000o\000n\000c\000l\000u\000s\000i\000o\000n\000\040\000G\000\351\000n\000\351\000r\000a\000l\000e}{}% 189
\BOOKMARK [1][-]{section*.191}{\376\377\000P\000e\000r\000s\000p\000e\000c\000t\000i\000v\000e\000s\000\040\000d\000'\000\351\000v\000o\000l\000u\000t\000i\000o\000n}{chapter*.190}% 190
\BOOKMARK [0][-]{appendix*.195}{\376\377\000P\000l\000a\000n\000\040\000d\000e\000s\000\040\000a\000n\000n\000e\000x\000e\000s}{}% 191
\BOOKMARK [0][-]{chapter.A}{\376\377\000I\000\040\000F\000o\000r\000m\000u\000l\000a\000i\000r\000e\000\040\000d\000e\000\040\000c\000r\000\351\000a\000t\000i\000o\000n\000\040\000d\000'\000u\000n\000\040\000e\000m\000p\000l\000o\000y\000\351}{}% 192
\BOOKMARK [0][-]{chapter.B}{\376\377\000I\000I\000\040\000T\000a\000b\000l\000e\000a\000u\000\040\000d\000e\000\040\000b\000o\000r\000d\000\040\000e\000m\000p\000l\000o\000y\000\351\000\040\000:\000\040\000s\000u\000i\000v\000i\000\040\000d\000e\000s\000\040\000d\000e\000m\000a\000n\000d\000e\000s}{}% 193
\BOOKMARK [0][-]{chapter.C}{\376\377\000I\000I\000I\000\040\000I\000n\000t\000e\000r\000f\000a\000c\000e\000\040\000d\000'\000e\000n\000t\000r\000e\000t\000i\000e\000n\000s\000\040\000:\000\040\000p\000l\000a\000n\000i\000f\000i\000c\000a\000t\000i\000o\000n}{}% 194
\BOOKMARK [0][-]{chapter.D}{\376\377\000I\000V\000\040\000V\000u\000e\000\040\000d\000e\000\040\000p\000r\000\351\000d\000i\000c\000t\000i\000o\000n\000\040\000d\000'\000a\000t\000t\000r\000i\000t\000i\000o\000n}{}% 195
\BOOKMARK [0][-]{chapter.E}{\376\377\000V\000\040\000M\000a\000t\000r\000i\000c\000e\000\040\000R\000B\000A\000C\000\040\000d\000e\000\040\000S\000y\000n\000a\000p\000s\000e}{}% 196
